freertos.c:95:6:writeFlashTest	40	static
freertos.c:118:6:printFlashTest	16	static
freertos.c:124:6:Usart2DmaPrintf	16	static
freertos.c:136:6:HAL_GPIO_EXTI_Callback	16	static
freertos.c:157:6:clean_buttom_flag	8	static
freertos.c:165:6:zheng_zhuan	16	static
freertos.c:172:6:fan_zhuan	16	static
freertos.c:179:6:stop_motor	8	static
freertos.c:188:6:run_motor	24	static
freertos.c:223:6:point_motor	8	static
freertos.c:233:6:lock_motor	8	static
freertos.c:241:6:turn_on_motor	32	static
freertos.c:254:6:turn_off_motor	32	static
freertos.c:267:6:smoothPWM	24	static
freertos.c:305:6:auto_limits	16	static
freertos.c:318:6:save_limits_set	16	static
freertos.c:332:6:print_sysinfo	24	static
freertos.c:374:6:MX_FREERTOS_Init	8	static
freertos.c:433:6:StartDefaultTask	16	static
freertos.c:513:6:StartTask02	16	static
freertos.c:539:6:StartTask03	16	static
