freertos.c:91:6:HAL_GPIO_EXTI_Callback	16	static
freertos.c:112:6:clean_buttom_flag	4	static
freertos.c:118:6:zheng_zhuan	8	static
freertos.c:122:6:fan_zhuan	8	static
freertos.c:127:6:run_motor	16	static
freertos.c:134:6:point_motor	8	static
freertos.c:140:6:stop_motor	8	static
freertos.c:147:6:lock_motor	8	static
freertos.c:153:6:turn_on_motor	32	static
freertos.c:166:6:turn_off_motor	32	static
freertos.c:180:6:smoothPWM	24	static
freertos.c:218:6:auto_limits	16	static
freertos.c:230:6:save_limits_set	16	static
freertos.c:256:6:MX_FREERTOS_Init	8	static
freertos.c:302:6:StartDefaultTask	16	static
freertos.c:348:6:StartTask02	16	static
freertos.c:378:6:StartTask03	16	static
